../Core/Src/LCD_Driver.c:38:6:LCD_GPIO_Init	56	static
../Core/Src/LCD_Driver.c:121:6:LTCD_Layer_Init	72	static
../Core/Src/LCD_Driver.c:148:6:clearScreen	8	static
../Core/Src/LCD_Driver.c:153:6:LTCD__Init	8	static
../Core/Src/LCD_Driver.c:212:6:LCD_Draw_Pixel	16	static
../Core/Src/LCD_Driver.c:222:6:LCD_Draw_Circle_Fill	32	static
../Core/Src/LCD_Driver.c:236:6:LCD_Draw_Box	32	static
../Core/Src/LCD_Driver.c:248:6:LCD_Draw_Vertical_Line	32	static
../Core/Src/LCD_Driver.c:256:6:LCD_Draw_Horizontal_Line	32	static
../Core/Src/LCD_Driver.c:264:6:LCD_Clear	24	static
../Core/Src/LCD_Driver.c:275:6:LCD_SetTextColor	16	static
../Core/Src/LCD_Driver.c:281:6:LCD_SetFont	16	static
../Core/Src/LCD_Driver.c:287:6:LCD_Draw_Char	24	static
../Core/Src/LCD_Driver.c:307:6:LCD_DisplayChar	16	static
../Core/Src/LCD_Driver.c:313:6:visualDemo	16	static
../Core/Src/LCD_Driver.c:363:6:LCD_Error_Handler	4	static,ignoring_inline_asm
../Core/Src/LCD_Driver.c:378:6:InitializeLCDTouch	8	static
../Core/Src/LCD_Driver.c:386:18:returnTouchStateAndLocation	16	static
../Core/Src/LCD_Driver.c:391:6:DetermineTouchPosition	16	static
../Core/Src/LCD_Driver.c:396:9:ReadRegisterFromTouchModule	16	static
../Core/Src/LCD_Driver.c:401:6:WriteDataToTouchModule	16	static
../Core/Src/LCD_Driver.c:408:6:Game_Init	24	static
../Core/Src/LCD_Driver.c:463:6:Game_Board	24	static
../Core/Src/LCD_Driver.c:481:6:Game_Over	56	static
../Core/Src/LCD_Driver.c:601:6:moveDiskLeft	16	static
../Core/Src/LCD_Driver.c:608:6:moveDiskRight	16	static
../Core/Src/LCD_Driver.c:615:6:dropDisk	16	static
